// Jest Snapshot v1, https://goo.gl/fbAQLP

exports[`Article component renders Article 1`] = `
<DocumentFragment>
  <div>
    <img
      alt="Best Article"
      src="http://placecage.com/200/200"
    />
    <h2>
      Best Article
    </h2>
    <h4>
      The best article
    </h4>
    <p>
      Best Article Writer
    </p>
    <a
      href="https://www.bestarticle.com"
    >
      View Article
    </a>
  </div>
</DocumentFragment>
`;
